main.c:148:6:HAL_UART_RxCpltCallback	16	static
main.c:159:9:scan	24	static
main.c:175:6:graf	40	static
main.c:197:5:main	8	static
main.c:307:6:SystemClock_Config	96	static
main.c:363:6:PeriphCommonClock_Config	96	static
main.c:390:13:MX_ADC1_Init	32	static
main.c:446:13:MX_I2C3_Init	8	static
main.c:492:13:MX_RNG_Init	8	static
main.c:518:13:MX_SPI3_Init	8	static
main.c:558:13:MX_USART2_UART_Init	8	static
main.c:593:13:MX_GPIO_Init	40	static
main.c:631:6:StartDefaultTask	16	static
main.c:649:6:StartMartixTask	48	static
main.c:713:6:StartPotentionTask	24	static
main.c:747:6:StartSwitchTask	16	static
main.c:777:6:StartTempTask	24	static
main.c:811:6:StartUartTask	312	static
main.c:932:6:HAL_TIM_PeriodElapsedCallback	16	static
main.c:949:6:Error_Handler	4	static,ignoring_inline_asm
